---
created: "2019-04-06T05:46:03.403623350Z"
creator: insta@0.7.4
source: tests/test_generics.rs
expression: syntax_tree
---
WhereClause {
    where_token: Where,
    predicates: [],
}
