---
created: "2019-04-06T05:46:03.413908514Z"
creator: insta@0.7.4
source: tests/test_generics.rs
expression: syntax_tree
---
Lifetime(
    Lifetime {
        apostrophe: Span,
        ident: Ident(
            _,
        ),
    },
)
