---
created: "2019-04-06T05:46:03.265921142Z"
creator: insta@0.7.4
source: tests/test_attribute.rs
expression: syntax_tree
---
NameValue(
    MetaNameValue {
        ident: Ident(
            foo,
        ),
        eq_token: Eq,
        lit: Bool(
            LitBool {
                value: true,
                span: Span,
            },
        ),
    },
)
