---
created: "2019-03-11T05:40:19.682552842Z"
creator: insta@0.7.1
source: tests/test_meta.rs
expression: syntax_tree
---
MetaNameValue {
    ident: Ident(
        foo
    ),
    eq_token: Eq,
    lit: Int(
        LitInt {
            token: Literal {
                lit: 5
            }
        }
    )
}
