---
created: "2019-04-06T05:46:03.380028601Z"
creator: insta@0.7.4
source: tests/test_derive_input.rs
expression: syntax_tree
---
DeriveInput {
    attrs: [],
    vis: Inherited,
    ident: Ident(
        Unit,
    ),
    generics: Generics {
        lt_token: None,
        params: [],
        gt_token: None,
        where_clause: None,
    },
    data: Struct(
        DataStruct {
            struct_token: Struct,
            fields: Unit,
            semi_token: Some(
                Semi,
            ),
        },
    ),
}
