---
created: "2019-04-06T05:46:03.495607085Z"
creator: insta@0.7.4
source: tests/test_meta.rs
expression: syntax_tree
---
Literal(
    Int(
        LitInt {
            token: Literal {
                lit: 5,
            },
        },
    ),
)
