---
created: "2019-04-06T05:46:03.423193566Z"
creator: insta@0.7.4
source: tests/test_generics.rs
expression: syntax_tree
---
Trait(
    TraitBound {
        paren_token: None,
        modifier: None,
        lifetimes: None,
        path: Path {
            leading_colon: None,
            segments: [
                PathSegment {
                    ident: Ident(
                        Debug,
                    ),
                    arguments: None,
                },
            ],
        },
    },
)
