---
created: "2019-04-06T05:46:03.268856961Z"
creator: insta@0.7.4
source: tests/test_attribute.rs
expression: syntax_tree
---
List(
    MetaList {
        ident: Ident(
            foo,
        ),
        paren_token: Paren,
        nested: [
            Literal(
                Int(
                    LitInt {
                        token: Literal {
                            lit: 5,
                        },
                    },
                ),
            ),
        ],
    },
)
