---
created: "2019-04-06T05:46:03.502810089Z"
creator: insta@0.7.4
source: tests/test_meta.rs
expression: syntax_tree
---
Meta(
    List(
        MetaList {
            ident: Ident(
                list,
            ),
            paren_token: Paren,
            nested: [
                Meta(
                    NameValue(
                        MetaNameValue {
                            ident: Ident(
                                name2,
                            ),
                            eq_token: Eq,
                            lit: Int(
                                LitInt {
                                    token: Literal {
                                        lit: 6,
                                    },
                                },
                            ),
                        },
                    ),
                ),
            ],
        },
    ),
)
