---
created: "2019-04-06T05:46:03.470744919Z"
creator: insta@0.7.4
source: tests/test_meta.rs
expression: syntax_tree
---
MetaList {
    ident: Ident(
        foo,
    ),
    paren_token: Paren,
    nested: [
        Literal(
            Int(
                LitInt {
                    token: Literal {
                        lit: 5,
                    },
                },
            ),
        ),
    ],
}
