---
created: "2019-04-06T05:46:03.482968711Z"
creator: insta@0.7.4
source: tests/test_meta.rs
expression: syntax_tree
---
NameValue(
    MetaNameValue {
        ident: Ident(
            foo,
        ),
        eq_token: Eq,
        lit: Int(
            LitInt {
                token: Literal {
                    lit: 5,
                },
            },
        ),
    },
)
